---
source: src/citation/mod.rs
assertion_line: 397
expression: "render_simple(r#\"\n@article{murray,\n    author       = {Hostetler, Michael J. and Wingate, Julia E. and Zhong,\n                    Chuan-Jian and Harris, Jay E. and Vachet, Richard W. and\n                    Clark, Michael R.  and Londono, J. David and Green, Stephen\n                    J. and Stokes, Jennifer J.  and Wignall, George D. and Glish,\n                    Gary L. and Porter, Marc D.  and Evans, Neal D. and Murray,\n                    Royce W.},\n    title        = {Alkanethiolate gold cluster molecules with core diameters from\n                    1.5 to 5.2~{nm}},\n    journaltitle = {Langmuir},\n    date         = 1998,\n    subtitle     = {Core and monolayer properties as a function of core size},\n    volume       = 14,\n    number       = 1,\n    pages        = {17-30},\n    langid       = {english},\n    langidopts   = {variant=american},\n    indextitle   = {Alkanethiolate gold cluster molecules},\n    shorttitle   = {Alkanethiolate gold cluster molecules},\n    annotation   = {An \\texttt{article} entry with \\arabic{author} authors. By\n                    default, long author and editor lists are automatically\n                    truncated. This is configurable},\n}\"#)"
---
Hostetler, Michael J., Wingate, Julia E., Zhong, Chuan-Jian, Harris, Jay E., Vachet, Richard W., Clark, Michael R., … Murray, Royce W. (n.d.). Alkanethiolate gold cluster molecules with core diameters from 1.5 to 5.2 nm: Core and monolayer properties as a function of core size. *Langmuir*, *14*(1), 17–30.
