---
source: src/citation/mod.rs
assertion_line: 133
expression: "render_simple(r#\"\n@incollection{westfahl:space,\n    author       = {Westfahl, Gary},\n    title        = {The True Frontier},\n    subtitle     = {Confronting and Avoiding the Realities of Space in {American}\n                    Science Fiction Films},\n    pages        = {55-65},\n    crossref     = {westfahl:frontier},\n    langid       = {english},\n    langidopts   = {variant=american},\n    indextitle   = {True Frontier, The},\n    annotation   = {A cross-referenced article from a \\texttt{collection}. This is\n                    an \\texttt{incollection} entry with a \\texttt{crossref}\n                    field. Note the \\texttt{subtitle} and \\texttt{indextitle}\n                    fields},\n}\n\n% booktitle and booksubtitle are only needed for BibTeX's less sophisticated\n% inheritance set-up to make sure westfahl:space shows correctly.\n% With Biber they are not needed.\n@collection{westfahl:frontier,\n  editor       = {Westfahl, Gary},\n  title        = {Space and Beyond},\n  date         = 2000,\n  subtitle     = {The Frontier Theme in Science Fiction},\n  publisher    = {Greenwood},\n  location     = {Westport, Conn. and London},\n  langid       = {english},\n  langidopts   = {variant=american},\n  booktitle    = {Space and Beyond},\n  booksubtitle = {The Frontier Theme in Science Fiction},\n  annotation   = {This is a \\texttt{collection} entry. Note the format of the\n                  \\texttt{location} field as well as the \\texttt{subtitle}\n                  field},\n}\"#)"
---
Westfahl, Gary. (n.d.). *The True Frontier: Confronting and Avoiding the Realities of Space in American Science Fiction Films*.
